// Jest Snapshot v1, https://goo.gl/fbAQLP

exports[`ResultComponent ==> Test UI   ResultComponent : should render correctly 1`] = `ShallowWrapper {}`;
