// Jest Snapshot v1, https://goo.gl/fbAQLP

exports[`matches the snapshot 1`] = `
<li>
  <input
    type="checkbox"
  />
  TODO
  : 
  foo
   
  <button
    class="btn btn-primary"
    type="button"
  >
    delete
  </button>
</li>
`;
