// Jest Snapshot v1, https://goo.gl/fbAQLP

exports[`matches the snapshot 1`] = `
<li
  class="sc-bdnylx jhzCVK todoitem"
>
  TODO
  : 
  foo
  <button
    class="sc-gtssRu fdcDti"
  >
    X
  </button>
</li>
`;
